../Application/User/Core/Src/stm32g4xx_it.c:75:6:NMI_Handler	4	static
../Application/User/Core/Src/stm32g4xx_it.c:90:6:HardFault_Handler	4	static
../Application/User/Core/Src/stm32g4xx_it.c:105:6:MemManage_Handler	4	static
../Application/User/Core/Src/stm32g4xx_it.c:120:6:BusFault_Handler	4	static
../Application/User/Core/Src/stm32g4xx_it.c:135:6:UsageFault_Handler	4	static
../Application/User/Core/Src/stm32g4xx_it.c:150:6:DebugMon_Handler	4	static
../Application/User/Core/Src/stm32g4xx_it.c:170:6:DMA1_Channel1_IRQHandler	8	static
../Application/User/Core/Src/stm32g4xx_it.c:184:6:DMA1_Channel2_IRQHandler	8	static
../Application/User/Core/Src/stm32g4xx_it.c:198:6:USB_LP_IRQHandler	8	static
../Application/User/Core/Src/stm32g4xx_it.c:212:6:SPI2_IRQHandler	8	static
../Application/User/Core/Src/stm32g4xx_it.c:226:6:TIM6_DAC_IRQHandler	8	static
